// Jest Snapshot v1, https://goo.gl/fbAQLP

exports[`#graphqlYoga #graphqlYoga should : body 1`] = `Promise {}`;
